// Jest Snapshot v1, https://goo.gl/fbAQLP

exports[`Test <FeedContainer /> Component should have data as parameter 1`] = `
<Box
  align="center"
  direction="column"
>
  <Heading
    level={1}
    responsive={true}
    style={
      Object {
        "textTransform": "capitalize",
      }
    }
  />
  <Box
    direction="row"
    gap="small"
    justify="center"
    wrap={true}
  />
</Box>
`;

exports[`Test <FeedContainer /> Component should render the component correctly 1`] = `
<Box
  align="center"
  direction="column"
>
  <Heading
    level={1}
    responsive={true}
    style={
      Object {
        "textTransform": "capitalize",
      }
    }
  />
  <Box
    direction="row"
    gap="small"
    justify="center"
    wrap={true}
  />
</Box>
`;
